PASS: path boundaries, protected folders, command parsing, file backup/restore, registry value round-trip, destination collision, live inventory (read-only), exact install-folder alias scan, bulk selection, deduplication, install-date formatting, icon resource parsing, autorun value/shortcut backup and restore, stale-value conflict protection, deep scan, tool catalog.
2026-09-20T22:07:38